app/(tabs)/_layout.tsx(171,25): error TS2345: Argument of type '"/online-orders"' is not assignable to parameter of type '"/" | RelativePathString | ExternalPathString | `/?${string}` | `/#${string}` | "/intro" | `/intro?${string}` | `/intro#${string}` | "/license-gate" | `/license-gate?${string}` | ... 73 more ... | { ...; }'.
app/(tabs)/customers.tsx(220,39): error TS2345: Argument of type '"deleteCustomer"' is not assignable to parameter of type '"branches" | "date" | "search" | "name" | "address" | "active" | "supermarket" | "storeType" | "mode" | "phone" | "email" | "currency" | "taxRate" | "employees" | "pin" | "role" | ... 527 more ... | "orderCancel"'.
app/(tabs)/index.tsx(764,23): error TS2345: Argument of type '"info"' is not assignable to parameter of type '"branches" | "date" | "search" | "name" | "address" | "active" | "supermarket" | "storeType" | "mode" | "phone" | "email" | "currency" | "taxRate" | "employees" | "pin" | "role" | ... 527 more ... | "orderCancel"'.
app/(tabs)/index.tsx(894,41): error TS2552: Cannot find name 'setIncomingCalls'. Did you mean 'incomingCalls'?
app/(tabs)/index.tsx(938,21): error TS2552: Cannot find name 'setIncomingCalls'. Did you mean 'incomingCalls'?
app/(tabs)/index.tsx(938,39): error TS7006: Parameter 'prev' implicitly has an 'any' type.
app/(tabs)/index.tsx(938,61): error TS7006: Parameter 'c' implicitly has an 'any' type.
app/(tabs)/index.tsx(945,34): error TS2552: Cannot find name 'setIncomingCalls'. Did you mean 'incomingCalls'?
app/(tabs)/index.tsx(945,52): error TS7006: Parameter 'prev' implicitly has an 'any' type.
app/(tabs)/index.tsx(945,74): error TS7006: Parameter 'c' implicitly has an 'any' type.
app/intro.tsx(152,49): error TS2769: No overload matches this call.
  Overload 1 of 2, '(props: LinearGradientProps): LinearGradient', gave the following error.
    Type '{ colors: [string, string]; style: AbsoluteFillStyle; start: { x: number; y: number; }; end: { x: number; y: number; }; borderRadius: number; }' is not assignable to type 'IntrinsicAttributes & IntrinsicClassAttributes<LinearGradient> & Readonly<LinearGradientProps>'.
      Property 'borderRadius' does not exist on type 'IntrinsicAttributes & IntrinsicClassAttributes<LinearGradient> & Readonly<LinearGradientProps>'.
  Overload 2 of 2, '(props: LinearGradientProps, context: any): LinearGradient', gave the following error.
    Type '{ colors: [string, string]; style: AbsoluteFillStyle; start: { x: number; y: number; }; end: { x: number; y: number; }; borderRadius: number; }' is not assignable to type 'IntrinsicAttributes & IntrinsicClassAttributes<LinearGradient> & Readonly<LinearGradientProps>'.
      Property 'borderRadius' does not exist on type 'IntrinsicAttributes & IntrinsicClassAttributes<LinearGradient> & Readonly<LinearGradientProps>'.
checkDB.ts(1,16): error TS7016: Could not find a declaration file for module 'pg'. 'F:/POS-APP/node_modules/pg/esm/index.mjs' implicitly has an 'any' type.
  Try `npm i --save-dev @types/pg` if it exists or add a new declaration (.d.ts) file containing `declare module 'pg';`
findCredentials.ts(1,16): error TS7016: Could not find a declaration file for module 'pg'. 'F:/POS-APP/node_modules/pg/esm/index.mjs' implicitly has an 'any' type.
  Try `npm i --save-dev @types/pg` if it exists or add a new declaration (.d.ts) file containing `declare module 'pg';`
findCredentials.ts(15,59): error TS7006: Parameter 'l' implicitly has an 'any' type.
fixExistingTenants.ts(1,16): error TS7016: Could not find a declaration file for module 'pg'. 'F:/POS-APP/node_modules/pg/esm/index.mjs' implicitly has an 'any' type.
  Try `npm i --save-dev @types/pg` if it exists or add a new declaration (.d.ts) file containing `declare module 'pg';`
lib/notification-context.tsx(28,50): error TS7006: Parameter 'current' implicitly has an 'any' type.
scripts/manual-map.ts(57,21): error TS7053: Element implicitly has an 'any' type because expression of type 'string' can't be used to index type '{ "Pommes frites (Normal)": string; "Pommes frites (Gross)": string; "Tiramisu Hausgemacht": string; "Feldschl\u00F6sschen 0.5l": string; "D\u00F6ner Kebab im D\u00FCr\u00FCm": string; "Extra Kebap": string; "D\u00F6ner Box": string; ... 4 more ...; Profumata: string; }'.
  No index signature with a parameter of type 'string' was found on type '{ "Pommes frites (Normal)": string; "Pommes frites (Gross)": string; "Tiramisu Hausgemacht": string; "Feldschl\u00F6sschen 0.5l": string; "D\u00F6ner Kebab im D\u00FCr\u00FCm": string; "Extra Kebap": string; "D\u00F6ner Box": string; ... 4 more ...; Profumata: string; }'.
server/callerIdService.ts(2,44): error TS7016: Could not find a declaration file for module 'ws'. 'F:/POS-APP/node_modules/ws/wrapper.mjs' implicitly has an 'any' type.
  Try `npm i --save-dev @types/ws` if it exists or add a new declaration (.d.ts) file containing `declare module 'ws';`
server/callerIdService.ts(46,32): error TS7006: Parameter 'ws' implicitly has an 'any' type.
server/callerIdService.ts(56,25): error TS7006: Parameter 'message' implicitly has an 'any' type.
server/callerIdService.ts(175,33): error TS7006: Parameter 'client' implicitly has an 'any' type.
server/callerIdService.ts(195,31): error TS7006: Parameter 'client' implicitly has an 'any' type.
server/callerIdService.ts(206,31): error TS7006: Parameter 'client' implicitly has an 'any' type.
server/db.ts(2,16): error TS7016: Could not find a declaration file for module 'pg'. 'F:/POS-APP/node_modules/pg/esm/index.mjs' implicitly has an 'any' type.
  Try `npm i --save-dev @types/pg` if it exists or add a new declaration (.d.ts) file containing `declare module 'pg';`
server/index.ts(887,40): error TS2353: Object literal may only specify known properties, and 'schema' does not exist in type 'MigrationConfig'.
server/index.ts(1020,11): error TS2322: Type '"card"' is not assignable to type 'Type'.
server/routes.ts(116,52): error TS2367: This comparison appears to be unintentional because the types '"processing" | "canceled" | "requires_capture" | "requires_confirmation" | "requires_payment_method" | "succeeded"' and '"requires_source_action"' have no overlap.
server/routes.ts(637,31): error TS2551: Property 'getCategory' does not exist on type '{ seedLog(msg: string): void; getBranches(): Promise<{ id: number; tenantId: number | null; name: string; address: string | null; phone: string | null; email: string | null; logo: string | null; ... 6 more ...; updatedAt: Date | null; }[]>; ... 167 more ...; getCommissionSummary(): Promise<...>; }'. Did you mean 'getCategories'?
server/routes.ts(2164,61): error TS2554: Expected 0-1 arguments, but got 2.
server/storage.ts(647,9): error TS2740: Type 'Omit<PgSelectBase<"sales", { count: SQL<number>; }, "partial", Record<"sales", "not-null">, false, "where", { count: number; }[], { count: DrizzleTypeError<"You cannot reference this field without assigning it an alias first - use `.as(<alias>)`">; }>, "where">' is missing the following properties from type 'PgSelectBase<"sales", { count: SQL<number>; }, "partial", Record<"sales", "not-null">, false, never, { count: number; }[], { count: DrizzleTypeError<"You cannot reference this field without assigning it an alias first - use `.as(<alias>)`">; }>': config, joinsNotNullableMap, tableName, isPartialSelect, and 5 more.
server/storage.ts(648,9): error TS2740: Type 'Omit<PgSelectBase<"sales", { total: SQL<string>; }, "partial", Record<"sales", "not-null">, false, "where", { total: string; }[], { total: DrizzleTypeError<"You cannot reference this field without assigning it an alias first - use `.as(<alias>)`">; }>, "where">' is missing the following properties from type 'PgSelectBase<"sales", { total: SQL<string>; }, "partial", Record<"sales", "not-null">, false, never, { total: string; }[], { total: DrizzleTypeError<"You cannot reference this field without assigning it an alias first - use `.as(<alias>)`">; }>': config, joinsNotNullableMap, tableName, isPartialSelect, and 5 more.
server/storage.ts(651,9): error TS2740: Type 'Omit<PgSelectBase<"customers", { count: SQL<number>; }, "partial", Record<"customers", "not-null">, false, "where", { count: number; }[], { count: DrizzleTypeError<"You cannot reference this field without assigning it an alias first - use `.as(<alias>)`">; }>, "where">' is missing the following properties from type 'PgSelectBase<"customers", { count: SQL<number>; }, "partial", Record<"customers", "not-null">, false, never, { count: number; }[], { count: DrizzleTypeError<"You cannot reference this field without assigning it an alias first - use `.as(<alias>)`">; }>': config, joinsNotNullableMap, tableName, isPartialSelect, and 5 more.
server/storage.ts(674,9): error TS2740: Type 'Omit<PgSelectBase<"expenses", { total: SQL<string>; }, "partial", Record<"expenses", "not-null">, false, "where", { total: string; }[], { total: DrizzleTypeError<"You cannot reference this field without assigning it an alias first - use `.as(<alias>)`">; }>, "where">' is missing the following properties from type 'PgSelectBase<"expenses", { total: SQL<string>; }, "partial", Record<"expenses", "not-null">, false, never, { total: string; }[], { total: DrizzleTypeError<"You cannot reference this field without assigning it an alias first - use `.as(<alias>)`">; }>': config, joinsNotNullableMap, tableName, isPartialSelect, and 5 more.
server/storage.ts(760,11): error TS2488: Type 'PgSelectBuilder<{ count: SQL<number>; }, "db"> | { count: number; }[]' must have a '[Symbol.iterator]()' method that returns an iterator.
server/superAdminRoutes.ts(40,57): error TS2554: Expected 0-1 arguments, but got 2.
server/superAdminRoutes.ts(321,27): error TS2345: Argument of type 'string | string[]' is not assignable to parameter of type 'string'.
  Type 'string[]' is not assignable to type 'string'.
server/superAdminRoutes.ts(341,27): error TS2345: Argument of type 'string | string[]' is not assignable to parameter of type 'string'.
  Type 'string[]' is not assignable to type 'string'.
server/superAdminRoutes.ts(377,27): error TS2345: Argument of type 'string | string[]' is not assignable to parameter of type 'string'.
  Type 'string[]' is not assignable to type 'string'.
server/superAdminRoutes.ts(387,27): error TS2345: Argument of type 'string | string[]' is not assignable to parameter of type 'string'.
  Type 'string[]' is not assignable to type 'string'.
server/superAdminRoutes.ts(398,27): error TS2345: Argument of type 'string | string[]' is not assignable to parameter of type 'string'.
  Type 'string[]' is not assignable to type 'string'.
server/superAdminRoutes.ts(445,27): error TS2345: Argument of type 'string | string[]' is not assignable to parameter of type 'string'.
  Type 'string[]' is not assignable to type 'string'.
server/superAdminRoutes.ts(455,27): error TS2345: Argument of type 'string | string[]' is not assignable to parameter of type 'string'.
  Type 'string[]' is not assignable to type 'string'.
server/superAdminRoutes.ts(466,27): error TS2345: Argument of type 'string | string[]' is not assignable to parameter of type 'string'.
  Type 'string[]' is not assignable to type 'string'.
server/superAdminRoutes.ts(516,27): error TS2345: Argument of type 'string | string[]' is not assignable to parameter of type 'string'.
  Type 'string[]' is not assignable to type 'string'.
server/superAdminRoutes.ts(526,27): error TS2345: Argument of type 'string | string[]' is not assignable to parameter of type 'string'.
  Type 'string[]' is not assignable to type 'string'.
server/superAdminRoutes.ts(536,27): error TS2345: Argument of type 'string | string[]' is not assignable to parameter of type 'string'.
  Type 'string[]' is not assignable to type 'string'.
server/superAdminRoutes.ts(588,33): error TS2345: Argument of type 'string | string[]' is not assignable to parameter of type 'string'.
  Type 'string[]' is not assignable to type 'string'.
server/superAdminRoutes.ts(598,33): error TS2345: Argument of type 'string | string[]' is not assignable to parameter of type 'string'.
  Type 'string[]' is not assignable to type 'string'.
server/superAdminRoutes.ts(608,33): error TS2345: Argument of type 'string | string[]' is not assignable to parameter of type 'string'.
  Type 'string[]' is not assignable to type 'string'.
server/superAdminRoutes.ts(618,33): error TS2345: Argument of type 'string | string[]' is not assignable to parameter of type 'string'.
  Type 'string[]' is not assignable to type 'string'.
server/superAdminRoutes.ts(630,33): error TS2345: Argument of type 'string | string[]' is not assignable to parameter of type 'string'.
  Type 'string[]' is not assignable to type 'string'.
server/superAdminRoutes.ts(640,33): error TS2345: Argument of type 'string | string[]' is not assignable to parameter of type 'string'.
  Type 'string[]' is not assignable to type 'string'.
server/superAdminRoutes.ts(650,33): error TS2345: Argument of type 'string | string[]' is not assignable to parameter of type 'string'.
  Type 'string[]' is not assignable to type 'string'.
server/superAdminRoutes.ts(660,33): error TS2345: Argument of type 'string | string[]' is not assignable to parameter of type 'string'.
  Type 'string[]' is not assignable to type 'string'.
server/superAdminRoutes.ts(670,33): error TS2345: Argument of type 'string | string[]' is not assignable to parameter of type 'string'.
  Type 'string[]' is not assignable to type 'string'.
server/superAdminRoutes.ts(687,27): error TS2345: Argument of type 'string | string[]' is not assignable to parameter of type 'string'.
  Type 'string[]' is not assignable to type 'string'.
server/superAdminRoutes.ts(697,27): error TS2345: Argument of type 'string | string[]' is not assignable to parameter of type 'string'.
  Type 'string[]' is not assignable to type 'string'.
server/superAdminRoutes.ts(708,27): error TS2345: Argument of type 'string | string[]' is not assignable to parameter of type 'string'.
  Type 'string[]' is not assignable to type 'string'.
server/superAdminRoutes.ts(718,27): error TS2345: Argument of type 'string | string[]' is not assignable to parameter of type 'string'.
  Type 'string[]' is not assignable to type 'string'.
server/superAdminRoutes.ts(729,27): error TS2345: Argument of type 'string | string[]' is not assignable to parameter of type 'string'.
  Type 'string[]' is not assignable to type 'string'.
server/superAdminRoutes.ts(739,27): error TS2345: Argument of type 'string | string[]' is not assignable to parameter of type 'string'.
  Type 'string[]' is not assignable to type 'string'.
server/superAdminRoutes.ts(750,27): error TS2345: Argument of type 'string | string[]' is not assignable to parameter of type 'string'.
  Type 'string[]' is not assignable to type 'string'.
server/superAdminRoutes.ts(816,38): error TS2345: Argument of type 'string | string[]' is not assignable to parameter of type 'string'.
  Type 'string[]' is not assignable to type 'string'.
server/superAdminRoutes.ts(827,38): error TS2345: Argument of type 'string | string[]' is not assignable to parameter of type 'string'.
  Type 'string[]' is not assignable to type 'string'.
server/superAdminRoutes.ts(939,38): error TS2345: Argument of type 'string | string[]' is not assignable to parameter of type 'string'.
  Type 'string[]' is not assignable to type 'string'.
server/superAdminRoutes.ts(1028,33): error TS2345: Argument of type 'string | string[]' is not assignable to parameter of type 'string'.
  Type 'string[]' is not assignable to type 'string'.
server/superAdminRoutes.ts(1076,62): error TS2345: Argument of type 'string | string[]' is not assignable to parameter of type 'string'.
  Type 'string[]' is not assignable to type 'string'.
server/superAdminRoutes.ts(1083,45): error TS2345: Argument of type 'string | string[]' is not assignable to parameter of type 'string'.
  Type 'string[]' is not assignable to type 'string'.
server/superAdminRoutes.ts(1097,62): error TS2345: Argument of type 'string | string[]' is not assignable to parameter of type 'string'.
  Type 'string[]' is not assignable to type 'string'.
server/whatsappService.ts(114,21): error TS2367: This comparison appears to be unintentional because the types '"disconnected"' and '"connected"' have no overlap.
